// Jest Snapshot v1, https://goo.gl/fbAQLP

exports[`Main View Tests render should render 1`] = `
<div
  class="main-app-container"
>
  <div
    class="matter-sidebar-container"
    style="transform: translateX(0px); margin-right: 0px;"
  >
    <div
      class="matter-sidebar"
      data-testid="matter-sidebar"
      is-open="true"
    >
      <div
        class="matter-sidebar-nav-header"
      >
        <span
          appearance="body-strong-md"
        >
          Home
        </span>
        <button
          appearance="tertiary"
          data-testid="matter-sidebar-nav-close"
        >
          <div
            iconname="close"
            size="16"
          />
        </button>
      </div>
      <div
        class="matter-body-header matter-sidebar-header"
        data-testid="matter-body-header"
      >
        <div
          class="new-folder-or-chat-button-container"
          data-testid="new-folder-or-chat-button-container"
        >
          <button
            appearance="primary"
            data-testid="new-chat-button"
          >
            <div
              class="new-folder-or-chat-button"
            >
              <div
                iconname="plus"
              />
              New
            </div>
          </button>
        </div>
        <div
          class="new-folder-or-chat-button-container"
          data-testid="sort-option-container"
        >
          <button
            appearance="tertiary"
            data-testid="sort-option-button"
          >
            <div
              class="new-folder-or-chat-button"
            >
              Sort by date
              <div
                iconname="angle-down"
              />
            </div>
          </button>
        </div>
      </div>
      <div
        class="chat-list-container"
      >
        <div
          class="empty-chat-list"
        >
           Chats will appear here
        </div>
      </div>
      <div
        class="matter-sidebar-footer"
      >
        <hr
          class="matter-sidebar-footer-separator"
        />
        <div
          class="matter-sidebar-archived-matters-selectable"
        >
          <div
            class="matter-sidebar-archived-matters-selectable-section"
          >
            <div
              class="selectable-item"
              data-testid="archived-matters-selectable"
            >
              <div
                class="matter-sidebar-archived-matters-selectable-item"
              >
                <div>
                  <div
                    appearance="light"
                    iconname="box-archive"
                    size="16"
                  />
                  <span
                    appearance="body-strong-md"
                    id="chat-archived-matters-navigation"
                  >
                    Archived Matters
                  </span>
                </div>
                <div
                  appearance="light"
                  class="matter-sidebar-archived-matters-selectable-icon"
                  iconname="chevron-right"
                  size="16"
                />
              </div>
            </div>
          </div>
        </div>
      </div>
    </div>
  </div>
  <div
    class="main-body-container"
  >
    <div
      class="main-header"
    >
      <saf-breadcrumb
        role="navigation"
      >
        <saf-breadcrumb-item>
          My Work
        </saf-breadcrumb-item>
      </saf-breadcrumb>
      <div
        class="main-header-actions"
      />
    </div>
    <div
      class="matters-ai-assistant-container"
    >
      <div
        style="display: flex; width: 100%; border: 0.125rem solid purple; gap: 1rem; padding: 1rem; height: 100%;"
      >
        <button>
          Button for new chat
        </button>
      </div>
    </div>
  </div>
  <div
    class="chat-actions-dialog"
    dialogtitle=""
    hidden=""
    isfooter="true"
  >
    <div
      class="chat-actions-dialog-body"
    >
      <div
        class="chat-rename-field"
      >
        <span
          appearance="heading-md"
        >
          * indicates required field
        </span>
        <textarea
          data-testid="chat-name-field"
          label="Name*"
          maxlength="128"
        />
      </div>
    </div>
    <div
      class="delete-dialog-footer"
      slot="footer"
    >
      <button
        appearance="secondary"
        data-testid="chat-dialog-cancel"
      >
        Cancel
      </button>
      <button
        appearance="primary"
        data-testid="chat-dialog-action"
        disabled=""
      >
        No translation: 
      </button>
    </div>
  </div>
  <div
    class="matter-details-dialog"
    dialogtitle="Create matter folder"
    hidden=""
    isfooter="true"
  >
    <div
      class="matter-details-dialog-body"
    >
      <span
        appearance="heading-md"
      >
        * indicates required field
      </span>
      <textarea
        data-testid="matter-dialog-name-field"
        label="Name*"
        maxlength="128"
      />
      <textarea
        data-testid="matter-dialog-description-field"
        label="Description"
        maxlength="2000"
        resize="vertical"
      />
      <textarea
        data-testid="matter-dialog-id-field"
        label="Matter ID"
        maxlength="128"
      />
    </div>
    <div
      class="matter-details-dialog-footer"
      slot="footer"
    >
      <button
        appearance="secondary"
        data-testid="matter-dialog-close"
      >
        Cancel
      </button>
      <button
        appearance="primary"
        data-testid="matter-dialog-confirm"
        disabled=""
      >
        Create matter folder
      </button>
    </div>
  </div>
</div>
`;
